[2026-01-20 17:50:22] ============================================================
[2026-01-20 17:50:22] AGENDADOR DE BACKUP INICIADO (SEM ADMIN)
[2026-01-20 17:50:22] ============================================================
[2026-01-20 17:50:22] Script: z:\git\init_\analise_py\backup_producao.py
[2026-01-20 17:50:22] Log: z:\git\rotina\log\agendador_2026-01-20.log
[2026-01-20 17:50:22] Execução diária: 17:00 (5 PM)
[2026-01-20 17:50:22] ============================================================
[2026-01-20 17:50:22] ✓ Script encontrado: z:\git\init_\analise_py\backup_producao.py
[2026-01-20 18:02:59] ============================================================
[2026-01-20 18:02:59] AGENDADOR DE BACKUP INICIADO (SEM ADMIN)
[2026-01-20 18:02:59] ============================================================
[2026-01-20 18:02:59] Script: z:\git\init_\analise_py\backup_producao.py
[2026-01-20 18:02:59] Log: z:\git\rotina\log\agendador_2026-01-20.log
[2026-01-20 18:02:59] Execução diária: 18:00 (6 PM)
[2026-01-20 18:02:59] ============================================================
[2026-01-20 18:02:59] ✓ Script encontrado: z:\git\init_\analise_py\backup_producao.py
[2026-01-20 18:02:59] 
============================================================
[2026-01-20 18:02:59] 🕕 HORÁRIO DE BACKUP ACIONADO: 18:02
[2026-01-20 18:02:59] ============================================================
[2026-01-20 18:02:59] ➤ Iniciando backup...
[2026-01-20 18:02:59]    Executando: z:\git\init_\analise_py\backup_producao.py
[2026-01-20 18:03:03]    [2026-01-20 18:03:00] [INFO] ============================================================
[2026-01-20 18:03:03]    [2026-01-20 18:03:00] [INFO] BACKUP INICIADO EM: 2026-01-20 18:03:00
[2026-01-20 18:03:03]    [2026-01-20 18:03:00] [INFO] ============================================================
[2026-01-20 18:03:03]    [2026-01-20 18:03:00] [INFO] Data da pasta: 20 JAN
[2026-01-20 18:03:03]    [2026-01-20 18:03:00] [INFO] Destino: z:\git\rotina\20 JAN
[2026-01-20 18:03:03]    [2026-01-20 18:03:00] [INFO] ============================================================
[2026-01-20 18:03:03]    [2026-01-20 18:03:00] [INFO] INICIANDO VALIDAÇÃO DO AMBIENTE
[2026-01-20 18:03:03]    [2026-01-20 18:03:00] [INFO] ============================================================
[2026-01-20 18:03:03]    [2026-01-20 18:03:03] [INFO] 
[2026-01-20 18:03:03]    ============================================================
[2026-01-20 18:03:03]    [2026-01-20 18:03:03] [INFO] Hora: 2026-01-20 18:03:03
[2026-01-20 18:03:03]    [2026-01-20 18:03:03] [INFO] ============================================================
[2026-01-20 18:03:03] ✓ Backup concluído com sucesso!
[2026-01-20 18:03:03] ⏸️  Agendador em repouso até amanhã...
[2026-01-20 19:09:15] 
⚠ Agendador interrompido pelo usuário
