================================================
Backup iniciado em: Sun, Dec 28, 2025  5:16:59 PM
================================================
==============================================
Verificando unidade de rede: Sun, Dec 28, 2025  5:16:59 PM
==============================================
Unidade de rede verificada com sucesso.

Criando pastas...

Validando origem...
Origem encontrada.
Copiando Caixa.xlsx...
Copiando relatórios...
Relatórios copiados com sucesso.

Ficheiros guardados em: /z/git/rotina/28 DEC
Rotina finalizada: Sun, Dec 28, 2025  5:17:02 PM
==============================================
================================================
Backup iniciado em: Sun, Dec 28, 2025  5:17:12 PM
================================================
==============================================
Verificando unidade de rede: Sun, Dec 28, 2025  5:17:12 PM
==============================================
Unidade de rede verificada com sucesso.

Criando pastas...

Validando origem...
Origem encontrada.
Copiando Caixa.xlsx...
Copiando relatórios...
Relatórios copiados com sucesso.

Ficheiros guardados em: /z/git/rotina/28 DEC
Rotina finalizada: Sun, Dec 28, 2025  5:17:15 PM
==============================================
