================================================
Backup iniciado em:  3 de jan de 2026 21:34:03
================================================
==============================================
Verificando unidade de rede:  3 de jan de 2026 21:34:03
==============================================
Unidade de rede verificada com sucesso.

Criando pastas...

Validando origem...
Origem encontrada.
Copiando Caixa.xlsx...
Copiando relatórios...
Relatórios copiados com sucesso.

Ficheiros guardados em: /z/git/rotina/03 JAN
Rotina finalizada:  3 de jan de 2026 21:34:06
==============================================
================================================
Backup iniciado em:  3 de jan de 2026 21:35:53
================================================
==============================================
Verificando unidade de rede:  3 de jan de 2026 21:35:53
==============================================
Unidade de rede verificada com sucesso.

Criando pastas...

Validando origem...
Origem encontrada.
Copiando Caixa.xlsx...
Copiando relatórios...
Relatórios copiados com sucesso.

Ficheiros guardados em: /z/git/rotina/03 JAN
Rotina finalizada:  3 de jan de 2026 21:35:55
==============================================
