==============================================
Verificando unidade de rede: 24 de dez de 2025 22:39:08
==============================================
Unidade de rede verificada com sucesso.

Criando pastas...

Validando origem...
Origem encontrada.
AVISO: Caixa.xlsx não encontrado em:
       /z/01.FO_Tejo/Caixa.xlsx
Copiando relatórios...
Relatórios copiados com sucesso.

Ficheiros guardados em: /z/git/rotina/24 DEZ
Rotina finalizada: 24 de dez de 2025 22:39:11
==============================================
==============================================
Verificando unidade de rede: 24 de dez de 2025 22:39:16
==============================================
Unidade de rede verificada com sucesso.

Criando pastas...

Validando origem...
Origem encontrada.
AVISO: Caixa.xlsx não encontrado em:
       /z/01.FO_Tejo/Caixa.xlsx
Copiando relatórios...
Relatórios copiados com sucesso.

Ficheiros guardados em: /z/git/rotina/24 DEZ
Rotina finalizada: 24 de dez de 2025 22:39:17
==============================================
==============================================
Verificando unidade de rede: 24 de dez de 2025 22:39:21
==============================================
Unidade de rede verificada com sucesso.

Criando pastas...

Validando origem...
Origem encontrada.
AVISO: Caixa.xlsx não encontrado em:
       /z/01.FO_Tejo/Caixa.xlsx
Copiando relatórios...
Relatórios copiados com sucesso.

Ficheiros guardados em: /z/git/rotina/24 DEZ
Rotina finalizada: 24 de dez de 2025 22:39:23
==============================================
